components/ui/hero-section-2.tsx(32,11): error TS2430: Interface 'HeroSectionProps' incorrectly extends interface 'HTMLAttributes<HTMLDivElement>'.
  Types of property 'title' are incompatible.
    Type 'ReactNode' is not assignable to type 'string | undefined'.
      Type 'null' is not assignable to type 'string | undefined'.
components/ui/hero-section-2.tsx(82,8): error TS2322: Type '{ children: Element[]; defaultChecked?: boolean | undefined; defaultValue?: string | number | readonly string[] | undefined; suppressContentEditableWarning?: boolean | undefined; suppressHydrationWarning?: boolean | undefined; ... 275 more ...; variants: { ...; }; }' is not assignable to type 'Omit<HTMLMotionProps<"section">, "ref">'.
  Types of property 'onDrag' are incompatible.
    Type 'DragEventHandler<HTMLDivElement> | undefined' is not assignable to type '((event: MouseEvent | TouchEvent | PointerEvent, info: PanInfo) => void) | undefined'.
      Type 'DragEventHandler<HTMLDivElement>' is not assignable to type '(event: MouseEvent | TouchEvent | PointerEvent, info: PanInfo) => void'.
        Types of parameters 'event' and 'event' are incompatible.
          Type 'MouseEvent | TouchEvent | PointerEvent' is not assignable to type 'DragEvent<HTMLDivElement>'.
            Type 'MouseEvent' is missing the following properties from type 'DragEvent<HTMLDivElement>': dataTransfer, nativeEvent, isDefaultPrevented, isPropagationStopped, persist
